// Jest Snapshot v1, https://goo.gl/fbAQLP

exports[` Missions Component Rendering  renders correctly 1`] = `
<div>
  <hr />
  <table
    className="table"
  >
    <thead
      className="head"
    >
      <tr
        className="row"
      >
        <th>
          Mission
        </th>
        <th>
          Description
        </th>
        <th>
          Status
        </th>
      </tr>
    </thead>
  </table>
</div>
`;
